
Memory Configuration

Name             Origin             Length             Attributes
flash            0x0000000008000000 0x0000000000020000 xr
sram             0x0000000020000000 0x0000000000005000 xrw
*default*        0x0000000000000000 0xffffffffffffffff

Linker script and memory map


.text           0x0000000008000000      0x140
 *(.vectors*)
 .vectors       0x0000000008000000       0x1c startup.o
                0x0000000008000000                vectors
 *(.text*)
 .text          0x000000000800001c       0x94 main.o
                0x000000000800001c                NMI_Handler
                0x0000000008000028                Bus_fault
                0x0000000008000034                main
 .text          0x00000000080000b0       0x90 startup.o
                0x00000000080000b0                MM_Fault_Hundler
                0x00000000080000b0                Bus_Fault
                0x00000000080000b0                Default_Handler
                0x00000000080000b0                Usage_Fault_Handler
                0x00000000080000b0                H_Fault_Handler
                0x00000000080000bc                Rest_Handler
 *(.rodata*)
                0x0000000008000140                _E_text = .

.glue_7         0x0000000008000140        0x0
 .glue_7        0x0000000008000140        0x0 linker stubs

.glue_7t        0x0000000008000140        0x0
 .glue_7t       0x0000000008000140        0x0 linker stubs

.vfp11_veneer   0x0000000008000140        0x0
 .vfp11_veneer  0x0000000008000140        0x0 linker stubs

.v4_bx          0x0000000008000140        0x0
 .v4_bx         0x0000000008000140        0x0 linker stubs

.iplt           0x0000000008000140        0x0
 .iplt          0x0000000008000140        0x0 main.o

.rel.dyn        0x0000000008000140        0x0
 .rel.iplt      0x0000000008000140        0x0 main.o

.data           0x0000000020000000        0x4 load address 0x0000000008000140
                0x0000000020000000                _S_DATA = .
 *(.data*)
 .data          0x0000000020000000        0x4 main.o
                0x0000000020000000                R_ODR
 .data          0x0000000020000004        0x0 startup.o
                0x0000000020000004                . = ALIGN (0x4)
                0x0000000020000004                _E_DATA = .

.igot.plt       0x0000000020000004        0x0 load address 0x0000000008000144
 .igot.plt      0x0000000020000004        0x0 main.o

.bss            0x0000000020000004     0x1000 load address 0x0000000008000144
                0x0000000020000004                _S_bss = .
 *(.bss*)
 .bss           0x0000000020000004        0x0 main.o
 .bss           0x0000000020000004        0x0 startup.o
                0x0000000020000004                _E_bss = .
                0x0000000020000004                . = ALIGN (0x4)
                0x0000000020001004                . = (. + 0x1000)
 *fill*         0x0000000020000004     0x1000 
                0x0000000020001004                _stack_top = .
LOAD main.o
LOAD startup.o
OUTPUT(learn-in-depth.elf elf32-littlearm)

.debug_info     0x0000000000000000      0x302
 .debug_info    0x0000000000000000      0x17f main.o
 .debug_info    0x000000000000017f      0x183 startup.o

.debug_abbrev   0x0000000000000000      0x1ce
 .debug_abbrev  0x0000000000000000       0xf8 main.o
 .debug_abbrev  0x00000000000000f8       0xd6 startup.o

.debug_loc      0x0000000000000000      0x13c
 .debug_loc     0x0000000000000000       0xc0 main.o
 .debug_loc     0x00000000000000c0       0x7c startup.o

.debug_aranges  0x0000000000000000       0x40
 .debug_aranges
                0x0000000000000000       0x20 main.o
 .debug_aranges
                0x0000000000000020       0x20 startup.o

.debug_line     0x0000000000000000      0x3d9
 .debug_line    0x0000000000000000      0x1e7 main.o
 .debug_line    0x00000000000001e7      0x1f2 startup.o

.debug_str      0x0000000000000000      0x1ae
 .debug_str     0x0000000000000000      0x13a main.o
                                        0x177 (size before relaxing)
 .debug_str     0x000000000000013a       0x74 startup.o
                                        0x198 (size before relaxing)

.comment        0x0000000000000000       0x7b
 .comment       0x0000000000000000       0x7b main.o
                                         0x7c (size before relaxing)
 .comment       0x000000000000007b       0x7c startup.o

.ARM.attributes
                0x0000000000000000       0x33
 .ARM.attributes
                0x0000000000000000       0x33 main.o
 .ARM.attributes
                0x0000000000000033       0x33 startup.o

.debug_frame    0x0000000000000000       0xbc
 .debug_frame   0x0000000000000000       0x6c main.o
 .debug_frame   0x000000000000006c       0x50 startup.o
