20:43:32 **** Incremental Build of configuration Debug for project LED_Toggle ****
make -j16 all 
arm-none-eabi-gcc "../Src/main.c" -mcpu=cortex-m3 -std=gnu11 -g3 -DSTM32 -DSTM32F1 -DSTM32F103C6Tx -DDEBUG -c -I../Inc -O0 -ffunction-sections -fdata-sections -Wall -fstack-usage -MMD -MP -MF"Src/main.d" -MT"Src/main.o" --specs=nano.specs -mfloat-abi=soft -mthumb -o "Src/main.o"
arm-none-eabi-gcc -o "LED_Toggle.elf" @"objects.list"   -mcpu=cortex-m3 -T"F:\GitHup\Unit3\Lesson_1\LED_toggle\LED_Toggle\STM32F103C6TX_FLASH.ld" --specs=nosys.specs -Wl,-Map="LED_Toggle.map" -Wl,--gc-sections -static --specs=nano.specs -mfloat-abi=soft -mthumb -Wl,--start-group -lc -lm -Wl,--end-group
Finished building target: LED_Toggle.elf
 
arm-none-eabi-size   LED_Toggle.elf 
arm-none-eabi-objdump -h -S  LED_Toggle.elf  > "LED_Toggle.list"
arm-none-eabi-objcopy  -O ihex  LED_Toggle.elf  "LED_Toggle.hex"
   text	   data	    bss	    dec	    hex	filename
    672	     12	   1564	   2248	    8c8	LED_Toggle.elf
arm-none-eabi-objcopy  -O binary  LED_Toggle.elf  "LED_Toggle.bin"
Finished building: default.size.stdout
 
Finished building: LED_Toggle.hex
Finished building: LED_Toggle.bin
Finished building: LED_Toggle.list
 
 
 

20:43:33 Build Finished. 0 errors, 0 warnings. (took 593ms)

